// Jest Snapshot v1, https://goo.gl/fbAQLP

exports[`<Header /> renders 1`] = `
<styled.header>
  <h1>
    Redux Blogging
  </h1>
  <styled.nav>
    <Styled(Link)
      key="Home"
      to="/home"
    >
      Home
    </Styled(Link)>
    <Styled(Link)
      key="Posts"
      to="/posts/search"
    >
      Posts
    </Styled(Link)>
    <Styled(Link)
      key="Users"
      to="/users"
    >
      Users
    </Styled(Link)>
    <Styled(Link)
      key="Register"
      to="/users/new"
    >
      Register
    </Styled(Link)>
  </styled.nav>
</styled.header>
`;
